// Jest Snapshot v1, https://goo.gl/fbAQLP

exports[`renders jobs table 1`] = `[Function]`;
