// Jest Snapshot v1, https://goo.gl/fbAQLP

exports[`Profile Menu renders without crashing 1`] = `<React.Fragment />`;
